Size = 20
Function solve_greedy took 1.4483 seconds and used 0.1719 MiB of memory
Function solve_bb took 1.5155 seconds and used 0.0156 MiB of memory
> Greedy           : 572591452
> Branch and Bound : 9190150115

Size = 200
Function solve_greedy took 1.4955 seconds and used 0.0469 MiB of memory
Function solve_bb took 1.5225 seconds and used 0.0469 MiB of memory
> Greedy           : 154578456
> Branch and Bound : 103566962687

Size = 2000
Function solve_greedy took 1.9634 seconds and used 0.4375 MiB of memory
Function solve_bb took 1.6914 seconds and used 0.2188 MiB of memory
> Greedy           : 40139254
> Branch and Bound : 1004151042250

